// 重构日志: 74d2700f
// 重构日志: e8fc5c15
// 重构日志: b73cbd79
// 同步 ID: 70c2678c @ Fri Jul 17 12:22:01 UTC 2026
// 重构日志: 5a0d8c31
// 同步 ID: a43dc81e @ Sat Jul 18 08:03:49 UTC 2026
// 重构日志: 7e7e8c39
// 重构日志: b7749e9e
// 重构日志: a887afc8
// 重构日志: 659fa115
// 重构日志: efe7a7ee
// 同步 ID: 10b74c6c @ Thu Jul 23 13:58:21 UTC 2026
// 同步 ID: d06e1a29 @ Thu Jul 23 19:43:13 UTC 2026
// 重构日志: cfa5e158
// 重构日志: e2adb2f4
// 重构日志: 8cee22f4
// 重构日志: fad54e4d
// 重构日志: aaede920
// 重构日志: a82bb4e9
// 同步 ID: 7a4cf1fc @ Sat Aug  1 12:09:34 UTC 2026
// 重构日志: 835ac5f4
// 同步 ID: ace1273d @ Sun Aug  2 18:04:06 UTC 2026
